---
source: crates/awbrn-client/tests/replay_semantic_snapshots.rs
expression: rows
---
[
  {
    "action_index": 2,
    "day": 1,
    "action_kind": "End",
    "checksum": "0x34e50a76fb00384b49341a0f3848d5844da879e38efd8cf0bbf58edb40f8999e"
  },
  {
    "action_index": 3,
    "day": 2,
    "action_kind": "End",
    "checksum": "0x509ff4e4a65a2d4c3ce6e2d5ea4cb7750c23ee9bc39e852346d44c116658acb6"
  }
]
