---
source: crates/awbrn-client/tests/replay_semantic_snapshots.rs
expression: rows
---
[
  {
    "action_index": 2,
    "day": 1,
    "action_kind": "End",
    "checksum": "0x441eee4d76dc88878d5201c2310434dfa021b8bf51cbafa14a5935eb5b2c3e72"
  },
  {
    "action_index": 3,
    "day": 2,
    "action_kind": "End",
    "checksum": "0x70d2a484f4acba501bbbe54bc173f22c5f7aedfed0907ebb58b554843bc26356"
  }
]
