---
source: crates/awbrn-map/tests/snapshots.rs
expression: formatted_map
input_file: assets/maps/155801.txt
---
MT AN WD DE DH TN BH WD CN DN BB BH DS MU RN RH Hu BN DS MT CN PL
MU PL CN DW PL WD RV PL PL WD RE RW DV SM CN MT HX RS DV WD PL BB
WD PL DV WD PL MT RV MT PL CN RV MT DN DH DW PL WD RN BV RH RS WD
CN DH D2 MU PL CN RN RH BV RH R3 RS MT CN PL PL DE DH DW CN MT WD
H( MT DV PL PL PL WD MT WD PL HB Hv MT WD PL PL CN WD PL PL PL CN
H( PL CN WD PL MT PL CN PL PL DN BH DS PL PL WD PL PL MT PL WD PL
H( PL PL DE DH CN DH DW PL PL Sc H( DV WD PL Sc H% PL CN PL PL PL
CN WD MT DV PL PL PL WD PL CN Hv H) BV H) H) Hi Sc WD DV PL PL WD
WD PL PL DV WD Sc H% H) H) BV H) H^ CN PL WD PL PL PL DV MT WD CN
PL PL PL CN PL Hi Sc PL WD DV HX Sc PL PL DE DH CN DH DW PL PL HX
PL WD PL SM PL PL WD PL PL DN BH DS PL PL CN PL SM PL WD CN PL HX
CN PL PL PL WD CN PL PL WD MT H^ HO PL WD SM WD PL PL PL DV MT HX
WD MT CN DE DH DW PL PL CN MT RN R1 RH BV RH RS CN PL MU D4 DH CN
WD RN RH BV RS WD PL DE DH DS MT RV CN PL MT RV SM PL WD DV PL WD
BO PL WD DV RN H( MT CN MT DV RE RW WD PL PL RV WD PL DE CN PL MU
PL CN MT DN BN HT RH RS MU DN BH BO DS CN WD BH TN DH DW WD AN SM
