---
source: crates/awbrn-map/tests/snapshots.rs
expression: formatted_map
input_file: assets/maps/162795.txt
---
PL AN PL PL PL Hr PL WD CN PL PL CN PL AN PL CN PL PL CN WD PL Hr PL PL PL AN PL
MU PL PL MT CN S8 CN DE DH DH DS PL WD WD WD PL DE DH DH DS CN S8 CN MT PL PL MU
PL MT PL PL PL BH DH DW WD P1 DV MT MT WD MT MT DV P1 WD DN DH BH PL PL PL MT PL
CN BO MT PL HO BH PL PL CN UV DN DS MT BN MT DE DW UV CN PL PL BH HB PL MT BB CN
DH DS PL WD RE RW PL PL DV PN P2 DV WD PL WD DV P4 PW DV PL PL RN RS WD PL DE DH
BO DN DS RE RW CN DE DH DW PL CN DN DS HK DE DW CN PL DN DH DS CN RN RS DE DW BB
PL PL DV R4 RH RH BV RS PL PL WD MT DN D1 DW MT WD PL PL RE BV RH RH R2 DV PL PL
PL PL DN BH DS CN DN BH CN PL WD WD MT DV MT WD WD PL CN BH DW CN DE BH DW PL PL
PL PL PL RV DN DS WD Hr PL PL CN P1 MU DV MU P1 CN PL PL Hr WD DE DW RV PL PL PL
CN DS WD RN RS DV HT RW PL WD RE RW BK DV BK RN RS WD PL RN H% DV RE RW WD DE CN
SM DV MT CK R4 BV R2 TN DH DH SV DH DH AK DH DH SV DH DH TN R4 BV R2 CK MT DV SM
CN DW WD RE RW DV Hi RS PL WD RN RS BK DV BK RE RW WD PL RE Hu DV RN RS WD DN CN
PL PL PL RV DE DW WD Hr PL PL CN P3 MU DV MU P3 CN PL PL Hr WD DN DS RV PL PL PL
PL PL DE BH DW CN DE BH CN PL WD WD SM DV SM WD WD PL CN BH DS CN DN BH DS PL PL
PL PL DV R4 RH RH BV RW PL PL WD MT DE D3 DS MT WD PL PL RN BV RH RH R2 DV PL PL
BG DE DW RN RS CN DN DH DS PL CN DE DW HK DN DS CN PL DE DH DW CN RE RW DN DS BY
DH DW PL WD RN RS PL PL DV PE P2 DV WD PL WD DV P4 PS DV PL PL RE RW WD PL DN DH
CN BG MT PL HG BH PL PL CN UV DE DW MT BN MT DN DS UV CN PL PL BH HY PL MT BY CN
PL SM PL PL PL BH DH DS WD P3 DV MT MT WD MT MT DV P3 WD DE DH BH PL PL PL SM PL
MU PL PL MT CN S8 CN DN DH DH DW PL WD WD WD PL DN DH DH DW CN S8 CN MT PL PL MU
PL AN PL PL PL Hr PL WD CN PL PL CN PL AN PL CN PL PL CN WD PL Hr PL PL PL AN PL
