   Compiling awbrn-ai v0.1.0 (/home/nick/projects/awbrn/crates/awbrn-ai)
    Finished `test` profile [optimized + debuginfo] target(s) in 6.50s
     Running unittests src/lib.rs (target/debug/deps/awbrn_ai-5c45c1bad4498980)

running 1 test
  support_attack seed=1 line=2688 reply_loss=1575 admitted=true seed_after_hard=-25319 safety_after_hard=-22241 candidate_after_hard=-24889 beats_safety=false external=2630
    plays=["unit=Some(UnitId(4)) to=Some(Pos { x: 15, y: 8 }) Attack(CellIdx(195))", "unit=Some(UnitId(12)) to=Some(Pos { x: 15, y: 1 }) Capture", "unit=Some(UnitId(5)) to=Some(Pos { x: 5, y: 2 }) Capture", "unit=Some(UnitId(8)) to=Some(Pos { x: 12, y: 5 }) Capture", "unit=Some(UnitId(9)) to=Some(Pos { x: 8, y: 5 }) Capture", "unit=None to=Some(Pos { x: 7, y: 3 }) Produce(Tank)", "unit=Some(UnitId(1)) to=Some(Pos { x: 4, y: 10 }) Capture", "unit=Some(UnitId(13)) to=Some(Pos { x: 5, y: 6 }) Wait", "unit=Some(UnitId(21)) to=Some(Pos { x: 14, y: 3 }) Wait", "unit=Some(UnitId(17)) to=Some(Pos { x: 1, y: 7 }) Wait", "unit=None to=Some(Pos { x: 17, y: 3 }) Produce(Infantry)", "unit=Some(UnitId(16)) to=Some(Pos { x: 16, y: 8 }) Attack(CellIdx(196))", "unit=Some(UnitId(20)) to=Some(Pos { x: 3, y: 6 }) Wait", "unit=None to=Some(Pos { x: 2, y: 4 }) Produce(Infantry)"]
  support_attack seed=2 line=3074 reply_loss=1575 admitted=true seed_after_hard=-26971 safety_after_hard=-23238 candidate_after_hard=-24049 beats_safety=false external=4640
  support_attack seed=3 line=3126 reply_loss=1575 admitted=true seed_after_hard=-25765 safety_after_hard=-21817 candidate_after_hard=-23655 beats_safety=false external=4640
support_attack: external mean=3970 swings=[2630.0, 4640.0, 4640.0]
  existing_infantry_hold seed=1 line=-706 reply_loss=4965 admitted=true seed_after_hard=-25319 safety_after_hard=-22241 candidate_after_hard=-22241 beats_safety=false external=-800
    plays=["unit=Some(UnitId(1)) to=Some(Pos { x: 4, y: 10 }) Wait", "unit=Some(UnitId(12)) to=Some(Pos { x: 15, y: 1 }) Capture", "unit=Some(UnitId(5)) to=Some(Pos { x: 5, y: 2 }) Capture", "unit=Some(UnitId(8)) to=Some(Pos { x: 12, y: 5 }) Capture", "unit=Some(UnitId(9)) to=Some(Pos { x: 8, y: 5 }) Capture", "unit=None to=Some(Pos { x: 7, y: 3 }) Produce(Tank)", "unit=Some(UnitId(4)) to=Some(Pos { x: 16, y: 8 }) Capture", "unit=Some(UnitId(13)) to=Some(Pos { x: 6, y: 5 }) Wait", "unit=Some(UnitId(21)) to=Some(Pos { x: 15, y: 2 }) Wait", "unit=Some(UnitId(17)) to=Some(Pos { x: 1, y: 7 }) Wait", "unit=None to=Some(Pos { x: 17, y: 3 }) Produce(Infantry)", "unit=Some(UnitId(16)) to=Some(Pos { x: 14, y: 9 }) Attack(CellIdx(195))", "unit=Some(UnitId(20)) to=Some(Pos { x: 1, y: 8 }) Wait", "unit=None to=Some(Pos { x: 2, y: 4 }) Produce(Infantry)"]
  existing_infantry_hold seed=2 line=-1092 reply_loss=4965 admitted=true seed_after_hard=-26971 safety_after_hard=-23238 candidate_after_hard=-23238 beats_safety=false external=-800
  existing_infantry_hold seed=3 line=-654 reply_loss=4965 admitted=true seed_after_hard=-25765 safety_after_hard=-21817 candidate_after_hard=-21817 beats_safety=false external=-800
existing_infantry_hold: external mean=-800 swings=[-800.0, -800.0, -800.0]
  support_then_infantry_hold seed=1 line=2231 reply_loss=1575 admitted=true seed_after_hard=-25319 safety_after_hard=-22241 candidate_after_hard=-19950 beats_safety=true external=4640
    plays=["unit=Some(UnitId(4)) to=Some(Pos { x: 15, y: 8 }) Attack(CellIdx(195))", "unit=Some(UnitId(1)) to=Some(Pos { x: 4, y: 10 }) Wait", "unit=Some(UnitId(12)) to=Some(Pos { x: 15, y: 1 }) Capture", "unit=Some(UnitId(5)) to=Some(Pos { x: 5, y: 2 }) Capture", "unit=Some(UnitId(8)) to=Some(Pos { x: 12, y: 5 }) Capture", "unit=Some(UnitId(9)) to=Some(Pos { x: 8, y: 5 }) Capture", "unit=None to=Some(Pos { x: 7, y: 3 }) Produce(Tank)", "unit=Some(UnitId(13)) to=Some(Pos { x: 6, y: 5 }) Wait", "unit=Some(UnitId(21)) to=Some(Pos { x: 15, y: 2 }) Wait", "unit=Some(UnitId(17)) to=Some(Pos { x: 1, y: 7 }) Wait", "unit=None to=Some(Pos { x: 17, y: 3 }) Produce(Infantry)", "unit=Some(UnitId(16)) to=Some(Pos { x: 16, y: 8 }) Attack(CellIdx(196))", "unit=Some(UnitId(20)) to=Some(Pos { x: 1, y: 8 }) Wait", "unit=None to=Some(Pos { x: 2, y: 4 }) Produce(Infantry)"]
  support_then_infantry_hold seed=2 line=2284 reply_loss=1575 admitted=true seed_after_hard=-26971 safety_after_hard=-23238 candidate_after_hard=-19849 beats_safety=true external=4640
  support_then_infantry_hold seed=3 line=1846 reply_loss=1575 admitted=true seed_after_hard=-25765 safety_after_hard=-21817 candidate_after_hard=-21211 beats_safety=true external=1220
support_then_infantry_hold: external mean=3500 swings=[4640.0, 4640.0, 1220.0]
  infantry_hold_then_support seed=1 line=2231 reply_loss=1575 admitted=true seed_after_hard=-25319 safety_after_hard=-22241 candidate_after_hard=-19950 beats_safety=true external=4640
    plays=["unit=Some(UnitId(1)) to=Some(Pos { x: 4, y: 10 }) Wait", "unit=Some(UnitId(4)) to=Some(Pos { x: 15, y: 8 }) Attack(CellIdx(195))", "unit=Some(UnitId(12)) to=Some(Pos { x: 15, y: 1 }) Capture", "unit=Some(UnitId(5)) to=Some(Pos { x: 5, y: 2 }) Capture", "unit=Some(UnitId(8)) to=Some(Pos { x: 12, y: 5 }) Capture", "unit=Some(UnitId(9)) to=Some(Pos { x: 8, y: 5 }) Capture", "unit=None to=Some(Pos { x: 7, y: 3 }) Produce(Tank)", "unit=Some(UnitId(13)) to=Some(Pos { x: 6, y: 5 }) Wait", "unit=Some(UnitId(21)) to=Some(Pos { x: 15, y: 2 }) Wait", "unit=Some(UnitId(17)) to=Some(Pos { x: 1, y: 7 }) Wait", "unit=None to=Some(Pos { x: 17, y: 3 }) Produce(Infantry)", "unit=Some(UnitId(16)) to=Some(Pos { x: 16, y: 8 }) Attack(CellIdx(196))", "unit=Some(UnitId(20)) to=Some(Pos { x: 1, y: 8 }) Wait", "unit=None to=Some(Pos { x: 2, y: 4 }) Produce(Infantry)"]
  infantry_hold_then_support seed=2 line=2284 reply_loss=1575 admitted=true seed_after_hard=-26971 safety_after_hard=-23238 candidate_after_hard=-19849 beats_safety=true external=4640
  infantry_hold_then_support seed=3 line=1846 reply_loss=1575 admitted=true seed_after_hard=-25765 safety_after_hard=-21817 candidate_after_hard=-21211 beats_safety=true external=1220
infantry_hold_then_support: external mean=3500 swings=[4640.0, 4640.0, 1220.0]
  clear_18_7_then_infantry_hold seed=1 line=1242 reply_loss=2500 admitted=true seed_after_hard=-25319 safety_after_hard=-22241 candidate_after_hard=-22425 beats_safety=false external=4710
    plays=["unit=Some(UnitId(4)) to=Some(Pos { x: 18, y: 7 }) Wait", "unit=Some(UnitId(1)) to=Some(Pos { x: 4, y: 10 }) Wait", "unit=Some(UnitId(12)) to=Some(Pos { x: 15, y: 1 }) Capture", "unit=Some(UnitId(5)) to=Some(Pos { x: 5, y: 2 }) Capture", "unit=Some(UnitId(8)) to=Some(Pos { x: 12, y: 5 }) Capture", "unit=Some(UnitId(9)) to=Some(Pos { x: 8, y: 5 }) Capture", "unit=None to=Some(Pos { x: 7, y: 3 }) Produce(Tank)", "unit=Some(UnitId(13)) to=Some(Pos { x: 6, y: 5 }) Wait", "unit=Some(UnitId(17)) to=Some(Pos { x: 1, y: 7 }) Wait", "unit=Some(UnitId(21)) to=Some(Pos { x: 15, y: 2 }) Wait", "unit=None to=Some(Pos { x: 17, y: 3 }) Produce(Infantry)", "unit=Some(UnitId(16)) to=Some(Pos { x: 16, y: 8 }) Attack(CellIdx(196))", "unit=Some(UnitId(20)) to=Some(Pos { x: 3, y: 6 }) Wait", "unit=None to=Some(Pos { x: 2, y: 4 }) Produce(Infantry)"]
  clear_18_7_then_infantry_hold seed=2 line=1294 reply_loss=2500 admitted=true seed_after_hard=-26971 safety_after_hard=-23238 candidate_after_hard=-22401 beats_safety=true external=4710
  clear_18_7_then_infantry_hold seed=3 line=1294 reply_loss=2500 admitted=true seed_after_hard=-25765 safety_after_hard=-21817 candidate_after_hard=-22356 beats_safety=false external=4710
clear_18_7_then_infantry_hold: external mean=4710 swings=[4710.0, 4710.0, 4710.0]
  clear_16_6_then_infantry_hold seed=1 line=1199 reply_loss=2500 admitted=true seed_after_hard=-25319 safety_after_hard=-22241 candidate_after_hard=-24826 beats_safety=false external=1300
    plays=["unit=Some(UnitId(4)) to=Some(Pos { x: 16, y: 6 }) Wait", "unit=Some(UnitId(1)) to=Some(Pos { x: 4, y: 10 }) Wait", "unit=Some(UnitId(12)) to=Some(Pos { x: 15, y: 1 }) Capture", "unit=Some(UnitId(5)) to=Some(Pos { x: 5, y: 2 }) Capture", "unit=Some(UnitId(8)) to=Some(Pos { x: 12, y: 5 }) Capture", "unit=Some(UnitId(9)) to=Some(Pos { x: 8, y: 5 }) Capture", "unit=None to=Some(Pos { x: 7, y: 3 }) Produce(Tank)", "unit=Some(UnitId(13)) to=Some(Pos { x: 6, y: 5 }) Wait", "unit=Some(UnitId(17)) to=Some(Pos { x: 1, y: 7 }) Wait", "unit=Some(UnitId(21)) to=Some(Pos { x: 15, y: 2 }) Wait", "unit=None to=Some(Pos { x: 17, y: 3 }) Produce(Infantry)", "unit=Some(UnitId(16)) to=Some(Pos { x: 16, y: 8 }) Attack(CellIdx(196))", "unit=Some(UnitId(20)) to=Some(Pos { x: 3, y: 6 }) Wait", "unit=None to=Some(Pos { x: 2, y: 4 }) Produce(Infantry)"]
  clear_16_6_then_infantry_hold seed=2 line=1251 reply_loss=2500 admitted=true seed_after_hard=-26971 safety_after_hard=-23238 candidate_after_hard=-24460 beats_safety=false external=1300
  clear_16_6_then_infantry_hold seed=3 line=1251 reply_loss=2500 admitted=true seed_after_hard=-25765 safety_after_hard=-21817 candidate_after_hard=-24686 beats_safety=false external=1300
clear_16_6_then_infantry_hold: external mean=1300 swings=[1300.0, 1300.0, 1300.0]
  clear_15_8_then_infantry_hold seed=1 line=2195 reply_loss=2045 admitted=true seed_after_hard=-25319 safety_after_hard=-22241 candidate_after_hard=-19986 beats_safety=true external=1630
    plays=["unit=Some(UnitId(4)) to=Some(Pos { x: 15, y: 8 }) Wait", "unit=Some(UnitId(1)) to=Some(Pos { x: 4, y: 10 }) Wait", "unit=Some(UnitId(12)) to=Some(Pos { x: 15, y: 1 }) Capture", "unit=Some(UnitId(5)) to=Some(Pos { x: 5, y: 2 }) Capture", "unit=Some(UnitId(8)) to=Some(Pos { x: 12, y: 5 }) Capture", "unit=Some(UnitId(9)) to=Some(Pos { x: 8, y: 5 }) Capture", "unit=None to=Some(Pos { x: 7, y: 3 }) Produce(Tank)", "unit=Some(UnitId(13)) to=Some(Pos { x: 6, y: 5 }) Wait", "unit=Some(UnitId(21)) to=Some(Pos { x: 15, y: 2 }) Wait", "unit=Some(UnitId(17)) to=Some(Pos { x: 1, y: 7 }) Wait", "unit=None to=Some(Pos { x: 17, y: 3 }) Produce(Infantry)", "unit=Some(UnitId(16)) to=Some(Pos { x: 16, y: 8 }) Attack(CellIdx(196))", "unit=Some(UnitId(20)) to=Some(Pos { x: 1, y: 8 }) Wait", "unit=None to=Some(Pos { x: 2, y: 4 }) Produce(Infantry)"]
  clear_15_8_then_infantry_hold seed=2 line=2247 reply_loss=2045 admitted=true seed_after_hard=-26971 safety_after_hard=-23238 candidate_after_hard=-19885 beats_safety=true external=1630
  clear_15_8_then_infantry_hold seed=3 line=1809 reply_loss=2045 admitted=true seed_after_hard=-25765 safety_after_hard=-21817 candidate_after_hard=-21248 beats_safety=true external=1630
clear_15_8_then_infantry_hold: external mean=1630 swings=[1630.0, 1630.0, 1630.0]
test planner::day6_diagnostics::trace_day6_support_plus_safety ... ok

test result: ok. 1 passed; 0 failed; 0 ignored; 0 measured; 180 filtered out; finished in 2.76s
