---
source: crates/awbrn-core/tests/spritesheet_index_tests.rs
expression: snapshot_data
---
{
  "Clear": {
    "Bridge(Horizontal)": [
      26,
      1
    ],
    "Bridge(Vertical)": [
      27,
      1
    ],
    "MissileSilo(Loaded)": [
      193,
      1
    ],
    "MissileSilo(Unloaded)": [
      194,
      1
    ],
    "Mountain": [
      2,
      1
    ],
    "Pipe(ES)": [
      186,
      1
    ],
    "Pipe(EastEnd)": [
      190,
      1
    ],
    "Pipe(Horizontal)": [
      184,
      1
    ],
    "Pipe(NE)": [
      185,
      1
    ],
    "Pipe(NorthEnd)": [
      189,
      1
    ],
    "Pipe(SW)": [
      187,
      1
    ],
    "Pipe(SouthEnd)": [
      191,
      1
    ],
    "Pipe(Vertical)": [
      183,
      1
    ],
    "Pipe(WN)": [
      188,
      1
    ],
    "Pipe(WestEnd)": [
      192,
      1
    ],
    "PipeRubble(Horizontal)": [
      197,
      1
    ],
    "PipeRubble(Vertical)": [
      198,
      1
    ],
    "PipeSeam(Horizontal)": [
      195,
      1
    ],
    "PipeSeam(Vertical)": [
      196,
      1
    ],
    "Plain": [
      1,
      1
    ],
    "Property(Airport(Neutral))": [
      36,
      1
    ],
    "Property(Airport(Player(AcidRain)))": [
      408,
      3
    ],
    "Property(Airport(Player(AmberBlaze)))": [
      199,
      3
    ],
    "Property(Airport(Player(AzureAsteroid)))": [
      449,
      3
    ],
    "Property(Airport(Player(BlackHole)))": [
      158,
      3
    ],
    "Property(Airport(Player(BlueMoon)))": [
      65,
      3
    ],
    "Property(Airport(Player(BrownDesert)))": [
      174,
      3
    ],
    "Property(Airport(Player(CobaltIce)))": [
      295,
      3
    ],
    "Property(Airport(Player(GreenEarth)))": [
      83,
      3
    ],
    "Property(Airport(Player(GreySky)))": [
      140,
      3
    ],
    "Property(Airport(Player(JadeSun)))": [
      217,
      3
    ],
    "Property(Airport(Player(NoirEclipse)))": [
      473,
      3
    ],
    "Property(Airport(Player(OrangeStar)))": [
      47,
      3
    ],
    "Property(Airport(Player(PinkCosmos)))": [
      338,
      3
    ],
    "Property(Airport(Player(PurpleLightning)))": [
      384,
      3
    ],
    "Property(Airport(Player(RedFire)))": [
      113,
      3
    ],
    "Property(Airport(Player(SilverClaw)))": [
      497,
      3
    ],
    "Property(Airport(Player(TealGalaxy)))": [
      360,
      3
    ],
    "Property(Airport(Player(UmberWilds)))": [
      523,
      3
    ],
    "Property(Airport(Player(WhiteNova)))": [
      432,
      2
    ],
    "Property(Airport(Player(YellowComet)))": [
      98,
      2
    ],
    "Property(Base(Neutral))": [
      35,
      1
    ],
    "Property(Base(Player(AcidRain)))": [
      411,
      6
    ],
    "Property(Base(Player(AmberBlaze)))": [
      202,
      6
    ],
    "Property(Base(Player(AzureAsteroid)))": [
      452,
      6
    ],
    "Property(Base(Player(BlackHole)))": [
      152,
      6
    ],
    "Property(Base(Player(BlueMoon)))": [
      59,
      6
    ],
    "Property(Base(Player(BrownDesert)))": [
      170,
      4
    ],
    "Property(Base(Player(CobaltIce)))": [
      298,
      6
    ],
    "Property(Base(Player(GreenEarth)))": [
      77,
      6
    ],
    "Property(Base(Player(GreySky)))": [
      134,
      6
    ],
    "Property(Base(Player(JadeSun)))": [
      220,
      6
    ],
    "Property(Base(Player(NoirEclipse)))": [
      476,
      6
    ],
    "Property(Base(Player(OrangeStar)))": [
      41,
      6
    ],
    "Property(Base(Player(PinkCosmos)))": [
      341,
      4
    ],
    "Property(Base(Player(PurpleLightning)))": [
      387,
      6
    ],
    "Property(Base(Player(RedFire)))": [
      107,
      6
    ],
    "Property(Base(Player(SilverClaw)))": [
      500,
      6
    ],
    "Property(Base(Player(TealGalaxy)))": [
      363,
      6
    ],
    "Property(Base(Player(UmberWilds)))": [
      526,
      6
    ],
    "Property(Base(Player(WhiteNova)))": [
      434,
      4
    ],
    "Property(Base(Player(YellowComet)))": [
      94,
      4
    ],
    "Property(City(Neutral))": [
      34,
      1
    ],
    "Property(City(Player(AcidRain)))": [
      417,
      3
    ],
    "Property(City(Player(AmberBlaze)))": [
      208,
      3
    ],
    "Property(City(Player(AzureAsteroid)))": [
      458,
      3
    ],
    "Property(City(Player(BlackHole)))": [
      149,
      3
    ],
    "Property(City(Player(BlueMoon)))": [
      56,
      3
    ],
    "Property(City(Player(BrownDesert)))": [
      167,
      3
    ],
    "Property(City(Player(CobaltIce)))": [
      304,
      3
    ],
    "Property(City(Player(GreenEarth)))": [
      74,
      3
    ],
    "Property(City(Player(GreySky)))": [
      131,
      3
    ],
    "Property(City(Player(JadeSun)))": [
      226,
      3
    ],
    "Property(City(Player(NoirEclipse)))": [
      482,
      3
    ],
    "Property(City(Player(OrangeStar)))": [
      38,
      3
    ],
    "Property(City(Player(PinkCosmos)))": [
      345,
      3
    ],
    "Property(City(Player(PurpleLightning)))": [
      393,
      3
    ],
    "Property(City(Player(RedFire)))": [
      104,
      3
    ],
    "Property(City(Player(SilverClaw)))": [
      506,
      3
    ],
    "Property(City(Player(TealGalaxy)))": [
      369,
      3
    ],
    "Property(City(Player(UmberWilds)))": [
      532,
      3
    ],
    "Property(City(Player(WhiteNova)))": [
      438,
      2
    ],
    "Property(City(Player(YellowComet)))": [
      92,
      2
    ],
    "Property(ComTower(Neutral))": [
      253,
      1
    ],
    "Property(ComTower(Player(AcidRain)))": [
      420,
      3
    ],
    "Property(ComTower(Player(AmberBlaze)))": [
      235,
      3
    ],
    "Property(ComTower(Player(AzureAsteroid)))": [
      461,
      3
    ],
    "Property(ComTower(Player(BlackHole)))": [
      238,
      3
    ],
    "Property(ComTower(Player(BlueMoon)))": [
      241,
      3
    ],
    "Property(ComTower(Player(BrownDesert)))": [
      244,
      3
    ],
    "Property(ComTower(Player(CobaltIce)))": [
      307,
      3
    ],
    "Property(ComTower(Player(GreenEarth)))": [
      247,
      3
    ],
    "Property(ComTower(Player(GreySky)))": [
      262,
      3
    ],
    "Property(ComTower(Player(JadeSun)))": [
      250,
      3
    ],
    "Property(ComTower(Player(NoirEclipse)))": [
      485,
      3
    ],
    "Property(ComTower(Player(OrangeStar)))": [
      254,
      3
    ],
    "Property(ComTower(Player(PinkCosmos)))": [
      348,
      3
    ],
    "Property(ComTower(Player(PurpleLightning)))": [
      396,
      3
    ],
    "Property(ComTower(Player(RedFire)))": [
      257,
      3
    ],
    "Property(ComTower(Player(SilverClaw)))": [
      509,
      3
    ],
    "Property(ComTower(Player(TealGalaxy)))": [
      372,
      3
    ],
    "Property(ComTower(Player(UmberWilds)))": [
      535,
      3
    ],
    "Property(ComTower(Player(WhiteNova)))": [
      440,
      2
    ],
    "Property(ComTower(Player(YellowComet)))": [
      260,
      2
    ],
    "Property(HQ(AcidRain))": [
      423,
      3
    ],
    "Property(HQ(AmberBlaze))": [
      211,
      3
    ],
    "Property(HQ(AzureAsteroid))": [
      464,
      3
    ],
    "Property(HQ(BlackHole))": [
      164,
      3
    ],
    "Property(HQ(BlueMoon))": [
      71,
      3
    ],
    "Property(HQ(BrownDesert))": [
      180,
      3
    ],
    "Property(HQ(CobaltIce))": [
      310,
      22
    ],
    "Property(HQ(GreenEarth))": [
      89,
      3
    ],
    "Property(HQ(GreySky))": [
      146,
      3
    ],
    "Property(HQ(JadeSun))": [
      229,
      3
    ],
    "Property(HQ(NoirEclipse))": [
      488,
      3
    ],
    "Property(HQ(OrangeStar))": [
      53,
      3
    ],
    "Property(HQ(PinkCosmos))": [
      351,
      3
    ],
    "Property(HQ(PurpleLightning))": [
      399,
      3
    ],
    "Property(HQ(RedFire))": [
      119,
      12
    ],
    "Property(HQ(SilverClaw))": [
      512,
      5
    ],
    "Property(HQ(TealGalaxy))": [
      375,
      3
    ],
    "Property(HQ(UmberWilds))": [
      538,
      7
    ],
    "Property(HQ(WhiteNova))": [
      442,
      2
    ],
    "Property(HQ(YellowComet))": [
      102,
      2
    ],
    "Property(Lab(Neutral))": [
      286,
      1
    ],
    "Property(Lab(Player(AcidRain)))": [
      426,
      3
    ],
    "Property(Lab(Player(AmberBlaze)))": [
      265,
      3
    ],
    "Property(Lab(Player(AzureAsteroid)))": [
      467,
      3
    ],
    "Property(Lab(Player(BlackHole)))": [
      268,
      3
    ],
    "Property(Lab(Player(BlueMoon)))": [
      271,
      3
    ],
    "Property(Lab(Player(BrownDesert)))": [
      274,
      3
    ],
    "Property(Lab(Player(CobaltIce)))": [
      332,
      3
    ],
    "Property(Lab(Player(GreenEarth)))": [
      277,
      3
    ],
    "Property(Lab(Player(GreySky)))": [
      280,
      3
    ],
    "Property(Lab(Player(JadeSun)))": [
      283,
      3
    ],
    "Property(Lab(Player(NoirEclipse)))": [
      491,
      3
    ],
    "Property(Lab(Player(OrangeStar)))": [
      287,
      3
    ],
    "Property(Lab(Player(PinkCosmos)))": [
      354,
      3
    ],
    "Property(Lab(Player(PurpleLightning)))": [
      402,
      3
    ],
    "Property(Lab(Player(RedFire)))": [
      290,
      3
    ],
    "Property(Lab(Player(SilverClaw)))": [
      517,
      3
    ],
    "Property(Lab(Player(TealGalaxy)))": [
      378,
      3
    ],
    "Property(Lab(Player(UmberWilds)))": [
      545,
      3
    ],
    "Property(Lab(Player(WhiteNova)))": [
      444,
      2
    ],
    "Property(Lab(Player(YellowComet)))": [
      293,
      2
    ],
    "Property(Port(Neutral))": [
      37,
      1
    ],
    "Property(Port(Player(AcidRain)))": [
      429,
      3
    ],
    "Property(Port(Player(AmberBlaze)))": [
      214,
      3
    ],
    "Property(Port(Player(AzureAsteroid)))": [
      470,
      3
    ],
    "Property(Port(Player(BlackHole)))": [
      161,
      3
    ],
    "Property(Port(Player(BlueMoon)))": [
      68,
      3
    ],
    "Property(Port(Player(BrownDesert)))": [
      177,
      3
    ],
    "Property(Port(Player(CobaltIce)))": [
      335,
      3
    ],
    "Property(Port(Player(GreenEarth)))": [
      86,
      3
    ],
    "Property(Port(Player(GreySky)))": [
      143,
      3
    ],
    "Property(Port(Player(JadeSun)))": [
      232,
      3
    ],
    "Property(Port(Player(NoirEclipse)))": [
      494,
      3
    ],
    "Property(Port(Player(OrangeStar)))": [
      50,
      3
    ],
    "Property(Port(Player(PinkCosmos)))": [
      357,
      3
    ],
    "Property(Port(Player(PurpleLightning)))": [
      405,
      3
    ],
    "Property(Port(Player(RedFire)))": [
      116,
      3
    ],
    "Property(Port(Player(SilverClaw)))": [
      520,
      3
    ],
    "Property(Port(Player(TealGalaxy)))": [
      381,
      3
    ],
    "Property(Port(Player(UmberWilds)))": [
      548,
      3
    ],
    "Property(Port(Player(WhiteNova)))": [
      446,
      2
    ],
    "Property(Port(Player(YellowComet)))": [
      100,
      2
    ],
    "Reef": [
      33,
      1
    ],
    "River(Cross)": [
      6,
      1
    ],
    "River(ES)": [
      7,
      1
    ],
    "River(ESW)": [
      11,
      1
    ],
    "River(Horizontal)": [
      4,
      1
    ],
    "River(NE)": [
      10,
      1
    ],
    "River(NES)": [
      14,
      1
    ],
    "River(SW)": [
      8,
      1
    ],
    "River(SWN)": [
      12,
      1
    ],
    "River(Vertical)": [
      5,
      1
    ],
    "River(WN)": [
      9,
      1
    ],
    "River(WNE)": [
      13,
      1
    ],
    "Road(Cross)": [
      17,
      1
    ],
    "Road(ES)": [
      18,
      1
    ],
    "Road(ESW)": [
      22,
      1
    ],
    "Road(Horizontal)": [
      15,
      1
    ],
    "Road(NE)": [
      21,
      1
    ],
    "Road(NES)": [
      25,
      1
    ],
    "Road(SW)": [
      19,
      1
    ],
    "Road(SWN)": [
      23,
      1
    ],
    "Road(Vertical)": [
      16,
      1
    ],
    "Road(WN)": [
      20,
      1
    ],
    "Road(WNE)": [
      24,
      1
    ],
    "StubbyMoutain": [
      0,
      1
    ],
    "Teleporter": [
      448,
      1
    ],
    "Wood": [
      3,
      1
    ]
  },
  "Rain": {
    "Bridge(Horizontal)": [
      1376,
      1
    ],
    "Bridge(Vertical)": [
      1377,
      1
    ],
    "MissileSilo(Loaded)": [
      1543,
      1
    ],
    "MissileSilo(Unloaded)": [
      1544,
      1
    ],
    "Mountain": [
      1352,
      1
    ],
    "Pipe(ES)": [
      1536,
      1
    ],
    "Pipe(EastEnd)": [
      1540,
      1
    ],
    "Pipe(Horizontal)": [
      1534,
      1
    ],
    "Pipe(NE)": [
      1535,
      1
    ],
    "Pipe(NorthEnd)": [
      1539,
      1
    ],
    "Pipe(SW)": [
      1537,
      1
    ],
    "Pipe(SouthEnd)": [
      1541,
      1
    ],
    "Pipe(Vertical)": [
      1533,
      1
    ],
    "Pipe(WN)": [
      1538,
      1
    ],
    "Pipe(WestEnd)": [
      1542,
      1
    ],
    "PipeRubble(Horizontal)": [
      1547,
      1
    ],
    "PipeRubble(Vertical)": [
      1548,
      1
    ],
    "PipeSeam(Horizontal)": [
      1545,
      1
    ],
    "PipeSeam(Vertical)": [
      1546,
      1
    ],
    "Plain": [
      1351,
      1
    ],
    "Property(Airport(Neutral))": [
      1386,
      1
    ],
    "Property(Airport(Player(AcidRain)))": [
      1758,
      3
    ],
    "Property(Airport(Player(AmberBlaze)))": [
      1549,
      3
    ],
    "Property(Airport(Player(AzureAsteroid)))": [
      1798,
      3
    ],
    "Property(Airport(Player(BlackHole)))": [
      1508,
      3
    ],
    "Property(Airport(Player(BlueMoon)))": [
      1415,
      3
    ],
    "Property(Airport(Player(BrownDesert)))": [
      1524,
      3
    ],
    "Property(Airport(Player(CobaltIce)))": [
      1645,
      3
    ],
    "Property(Airport(Player(GreenEarth)))": [
      1433,
      3
    ],
    "Property(Airport(Player(GreySky)))": [
      1490,
      3
    ],
    "Property(Airport(Player(JadeSun)))": [
      1567,
      3
    ],
    "Property(Airport(Player(NoirEclipse)))": [
      1822,
      3
    ],
    "Property(Airport(Player(OrangeStar)))": [
      1397,
      3
    ],
    "Property(Airport(Player(PinkCosmos)))": [
      1688,
      3
    ],
    "Property(Airport(Player(PurpleLightning)))": [
      1734,
      3
    ],
    "Property(Airport(Player(RedFire)))": [
      1463,
      3
    ],
    "Property(Airport(Player(SilverClaw)))": [
      1846,
      3
    ],
    "Property(Airport(Player(TealGalaxy)))": [
      1710,
      3
    ],
    "Property(Airport(Player(UmberWilds)))": [
      1872,
      3
    ],
    "Property(Airport(Player(WhiteNova)))": [
      1782,
      2
    ],
    "Property(Airport(Player(YellowComet)))": [
      1448,
      2
    ],
    "Property(Base(Neutral))": [
      1385,
      1
    ],
    "Property(Base(Player(AcidRain)))": [
      1761,
      6
    ],
    "Property(Base(Player(AmberBlaze)))": [
      1552,
      6
    ],
    "Property(Base(Player(AzureAsteroid)))": [
      1801,
      6
    ],
    "Property(Base(Player(BlackHole)))": [
      1502,
      6
    ],
    "Property(Base(Player(BlueMoon)))": [
      1409,
      6
    ],
    "Property(Base(Player(BrownDesert)))": [
      1520,
      4
    ],
    "Property(Base(Player(CobaltIce)))": [
      1648,
      6
    ],
    "Property(Base(Player(GreenEarth)))": [
      1427,
      6
    ],
    "Property(Base(Player(GreySky)))": [
      1484,
      6
    ],
    "Property(Base(Player(JadeSun)))": [
      1570,
      6
    ],
    "Property(Base(Player(NoirEclipse)))": [
      1825,
      6
    ],
    "Property(Base(Player(OrangeStar)))": [
      1391,
      6
    ],
    "Property(Base(Player(PinkCosmos)))": [
      1691,
      4
    ],
    "Property(Base(Player(PurpleLightning)))": [
      1737,
      6
    ],
    "Property(Base(Player(RedFire)))": [
      1457,
      6
    ],
    "Property(Base(Player(SilverClaw)))": [
      1849,
      6
    ],
    "Property(Base(Player(TealGalaxy)))": [
      1713,
      6
    ],
    "Property(Base(Player(UmberWilds)))": [
      1875,
      6
    ],
    "Property(Base(Player(WhiteNova)))": [
      1784,
      4
    ],
    "Property(Base(Player(YellowComet)))": [
      1444,
      4
    ],
    "Property(City(Neutral))": [
      1384,
      1
    ],
    "Property(City(Player(AcidRain)))": [
      1767,
      3
    ],
    "Property(City(Player(AmberBlaze)))": [
      1558,
      3
    ],
    "Property(City(Player(AzureAsteroid)))": [
      1807,
      3
    ],
    "Property(City(Player(BlackHole)))": [
      1499,
      3
    ],
    "Property(City(Player(BlueMoon)))": [
      1406,
      3
    ],
    "Property(City(Player(BrownDesert)))": [
      1517,
      3
    ],
    "Property(City(Player(CobaltIce)))": [
      1654,
      3
    ],
    "Property(City(Player(GreenEarth)))": [
      1424,
      3
    ],
    "Property(City(Player(GreySky)))": [
      1481,
      3
    ],
    "Property(City(Player(JadeSun)))": [
      1576,
      3
    ],
    "Property(City(Player(NoirEclipse)))": [
      1831,
      3
    ],
    "Property(City(Player(OrangeStar)))": [
      1388,
      3
    ],
    "Property(City(Player(PinkCosmos)))": [
      1695,
      3
    ],
    "Property(City(Player(PurpleLightning)))": [
      1743,
      3
    ],
    "Property(City(Player(RedFire)))": [
      1454,
      3
    ],
    "Property(City(Player(SilverClaw)))": [
      1855,
      3
    ],
    "Property(City(Player(TealGalaxy)))": [
      1719,
      3
    ],
    "Property(City(Player(UmberWilds)))": [
      1881,
      3
    ],
    "Property(City(Player(WhiteNova)))": [
      1788,
      2
    ],
    "Property(City(Player(YellowComet)))": [
      1442,
      2
    ],
    "Property(ComTower(Neutral))": [
      1603,
      1
    ],
    "Property(ComTower(Player(AcidRain)))": [
      1770,
      3
    ],
    "Property(ComTower(Player(AmberBlaze)))": [
      1585,
      3
    ],
    "Property(ComTower(Player(AzureAsteroid)))": [
      1810,
      3
    ],
    "Property(ComTower(Player(BlackHole)))": [
      1588,
      3
    ],
    "Property(ComTower(Player(BlueMoon)))": [
      1591,
      3
    ],
    "Property(ComTower(Player(BrownDesert)))": [
      1594,
      3
    ],
    "Property(ComTower(Player(CobaltIce)))": [
      1657,
      3
    ],
    "Property(ComTower(Player(GreenEarth)))": [
      1597,
      3
    ],
    "Property(ComTower(Player(GreySky)))": [
      1612,
      3
    ],
    "Property(ComTower(Player(JadeSun)))": [
      1600,
      3
    ],
    "Property(ComTower(Player(NoirEclipse)))": [
      1834,
      3
    ],
    "Property(ComTower(Player(OrangeStar)))": [
      1604,
      3
    ],
    "Property(ComTower(Player(PinkCosmos)))": [
      1698,
      3
    ],
    "Property(ComTower(Player(PurpleLightning)))": [
      1746,
      3
    ],
    "Property(ComTower(Player(RedFire)))": [
      1607,
      3
    ],
    "Property(ComTower(Player(SilverClaw)))": [
      1858,
      3
    ],
    "Property(ComTower(Player(TealGalaxy)))": [
      1722,
      3
    ],
    "Property(ComTower(Player(UmberWilds)))": [
      1884,
      3
    ],
    "Property(ComTower(Player(WhiteNova)))": [
      1790,
      2
    ],
    "Property(ComTower(Player(YellowComet)))": [
      1610,
      2
    ],
    "Property(HQ(AcidRain))": [
      1773,
      3
    ],
    "Property(HQ(AmberBlaze))": [
      1561,
      3
    ],
    "Property(HQ(AzureAsteroid))": [
      1813,
      3
    ],
    "Property(HQ(BlackHole))": [
      1514,
      3
    ],
    "Property(HQ(BlueMoon))": [
      1421,
      3
    ],
    "Property(HQ(BrownDesert))": [
      1530,
      3
    ],
    "Property(HQ(CobaltIce))": [
      1660,
      22
    ],
    "Property(HQ(GreenEarth))": [
      1439,
      3
    ],
    "Property(HQ(GreySky))": [
      1496,
      3
    ],
    "Property(HQ(JadeSun))": [
      1579,
      3
    ],
    "Property(HQ(NoirEclipse))": [
      1837,
      3
    ],
    "Property(HQ(OrangeStar))": [
      1403,
      3
    ],
    "Property(HQ(PinkCosmos))": [
      1701,
      3
    ],
    "Property(HQ(PurpleLightning))": [
      1749,
      3
    ],
    "Property(HQ(RedFire))": [
      1469,
      12
    ],
    "Property(HQ(SilverClaw))": [
      1861,
      5
    ],
    "Property(HQ(TealGalaxy))": [
      1725,
      3
    ],
    "Property(HQ(UmberWilds))": [
      1887,
      7
    ],
    "Property(HQ(WhiteNova))": [
      1792,
      2
    ],
    "Property(HQ(YellowComet))": [
      1452,
      2
    ],
    "Property(Lab(Neutral))": [
      1636,
      1
    ],
    "Property(Lab(Player(AcidRain)))": [
      1776,
      3
    ],
    "Property(Lab(Player(AmberBlaze)))": [
      1615,
      3
    ],
    "Property(Lab(Player(AzureAsteroid)))": [
      1816,
      3
    ],
    "Property(Lab(Player(BlackHole)))": [
      1618,
      3
    ],
    "Property(Lab(Player(BlueMoon)))": [
      1621,
      3
    ],
    "Property(Lab(Player(BrownDesert)))": [
      1624,
      3
    ],
    "Property(Lab(Player(CobaltIce)))": [
      1682,
      3
    ],
    "Property(Lab(Player(GreenEarth)))": [
      1627,
      3
    ],
    "Property(Lab(Player(GreySky)))": [
      1630,
      3
    ],
    "Property(Lab(Player(JadeSun)))": [
      1633,
      3
    ],
    "Property(Lab(Player(NoirEclipse)))": [
      1840,
      3
    ],
    "Property(Lab(Player(OrangeStar)))": [
      1637,
      3
    ],
    "Property(Lab(Player(PinkCosmos)))": [
      1704,
      3
    ],
    "Property(Lab(Player(PurpleLightning)))": [
      1752,
      3
    ],
    "Property(Lab(Player(RedFire)))": [
      1640,
      3
    ],
    "Property(Lab(Player(SilverClaw)))": [
      1866,
      3
    ],
    "Property(Lab(Player(TealGalaxy)))": [
      1728,
      3
    ],
    "Property(Lab(Player(UmberWilds)))": [
      1894,
      3
    ],
    "Property(Lab(Player(WhiteNova)))": [
      1794,
      2
    ],
    "Property(Lab(Player(YellowComet)))": [
      1643,
      2
    ],
    "Property(Port(Neutral))": [
      1387,
      1
    ],
    "Property(Port(Player(AcidRain)))": [
      1779,
      3
    ],
    "Property(Port(Player(AmberBlaze)))": [
      1564,
      3
    ],
    "Property(Port(Player(AzureAsteroid)))": [
      1819,
      3
    ],
    "Property(Port(Player(BlackHole)))": [
      1511,
      3
    ],
    "Property(Port(Player(BlueMoon)))": [
      1418,
      3
    ],
    "Property(Port(Player(BrownDesert)))": [
      1527,
      3
    ],
    "Property(Port(Player(CobaltIce)))": [
      1685,
      3
    ],
    "Property(Port(Player(GreenEarth)))": [
      1436,
      3
    ],
    "Property(Port(Player(GreySky)))": [
      1493,
      3
    ],
    "Property(Port(Player(JadeSun)))": [
      1582,
      3
    ],
    "Property(Port(Player(NoirEclipse)))": [
      1843,
      3
    ],
    "Property(Port(Player(OrangeStar)))": [
      1400,
      3
    ],
    "Property(Port(Player(PinkCosmos)))": [
      1707,
      3
    ],
    "Property(Port(Player(PurpleLightning)))": [
      1755,
      3
    ],
    "Property(Port(Player(RedFire)))": [
      1466,
      3
    ],
    "Property(Port(Player(SilverClaw)))": [
      1869,
      3
    ],
    "Property(Port(Player(TealGalaxy)))": [
      1731,
      3
    ],
    "Property(Port(Player(UmberWilds)))": [
      1897,
      3
    ],
    "Property(Port(Player(WhiteNova)))": [
      1796,
      2
    ],
    "Property(Port(Player(YellowComet)))": [
      1450,
      2
    ],
    "Reef": [
      1383,
      1
    ],
    "River(Cross)": [
      1356,
      1
    ],
    "River(ES)": [
      1357,
      1
    ],
    "River(ESW)": [
      1361,
      1
    ],
    "River(Horizontal)": [
      1354,
      1
    ],
    "River(NE)": [
      1360,
      1
    ],
    "River(NES)": [
      1364,
      1
    ],
    "River(SW)": [
      1358,
      1
    ],
    "River(SWN)": [
      1362,
      1
    ],
    "River(Vertical)": [
      1355,
      1
    ],
    "River(WN)": [
      1359,
      1
    ],
    "River(WNE)": [
      1363,
      1
    ],
    "Road(Cross)": [
      1367,
      1
    ],
    "Road(ES)": [
      1368,
      1
    ],
    "Road(ESW)": [
      1372,
      1
    ],
    "Road(Horizontal)": [
      1365,
      1
    ],
    "Road(NE)": [
      1371,
      1
    ],
    "Road(NES)": [
      1375,
      1
    ],
    "Road(SW)": [
      1369,
      1
    ],
    "Road(SWN)": [
      1373,
      1
    ],
    "Road(Vertical)": [
      1366,
      1
    ],
    "Road(WN)": [
      1370,
      1
    ],
    "Road(WNE)": [
      1374,
      1
    ],
    "StubbyMoutain": [
      0,
      1
    ],
    "Teleporter": [
      448,
      1
    ],
    "Wood": [
      1353,
      1
    ]
  },
  "Snow": {
    "Bridge(Horizontal)": [
      702,
      1
    ],
    "Bridge(Vertical)": [
      703,
      1
    ],
    "MissileSilo(Loaded)": [
      869,
      1
    ],
    "MissileSilo(Unloaded)": [
      870,
      1
    ],
    "Mountain": [
      678,
      1
    ],
    "Pipe(ES)": [
      862,
      1
    ],
    "Pipe(EastEnd)": [
      866,
      1
    ],
    "Pipe(Horizontal)": [
      860,
      1
    ],
    "Pipe(NE)": [
      861,
      1
    ],
    "Pipe(NorthEnd)": [
      865,
      1
    ],
    "Pipe(SW)": [
      863,
      1
    ],
    "Pipe(SouthEnd)": [
      867,
      1
    ],
    "Pipe(Vertical)": [
      859,
      1
    ],
    "Pipe(WN)": [
      864,
      1
    ],
    "Pipe(WestEnd)": [
      868,
      1
    ],
    "PipeRubble(Horizontal)": [
      873,
      1
    ],
    "PipeRubble(Vertical)": [
      874,
      1
    ],
    "PipeSeam(Horizontal)": [
      871,
      1
    ],
    "PipeSeam(Vertical)": [
      872,
      1
    ],
    "Plain": [
      677,
      1
    ],
    "Property(Airport(Neutral))": [
      712,
      1
    ],
    "Property(Airport(Player(AcidRain)))": [
      1084,
      3
    ],
    "Property(Airport(Player(AmberBlaze)))": [
      875,
      3
    ],
    "Property(Airport(Player(AzureAsteroid)))": [
      1124,
      3
    ],
    "Property(Airport(Player(BlackHole)))": [
      834,
      3
    ],
    "Property(Airport(Player(BlueMoon)))": [
      741,
      3
    ],
    "Property(Airport(Player(BrownDesert)))": [
      850,
      3
    ],
    "Property(Airport(Player(CobaltIce)))": [
      971,
      3
    ],
    "Property(Airport(Player(GreenEarth)))": [
      759,
      3
    ],
    "Property(Airport(Player(GreySky)))": [
      816,
      3
    ],
    "Property(Airport(Player(JadeSun)))": [
      893,
      3
    ],
    "Property(Airport(Player(NoirEclipse)))": [
      1148,
      3
    ],
    "Property(Airport(Player(OrangeStar)))": [
      723,
      3
    ],
    "Property(Airport(Player(PinkCosmos)))": [
      1014,
      3
    ],
    "Property(Airport(Player(PurpleLightning)))": [
      1060,
      3
    ],
    "Property(Airport(Player(RedFire)))": [
      789,
      3
    ],
    "Property(Airport(Player(SilverClaw)))": [
      1172,
      3
    ],
    "Property(Airport(Player(TealGalaxy)))": [
      1036,
      3
    ],
    "Property(Airport(Player(UmberWilds)))": [
      1198,
      3
    ],
    "Property(Airport(Player(WhiteNova)))": [
      1108,
      2
    ],
    "Property(Airport(Player(YellowComet)))": [
      774,
      2
    ],
    "Property(Base(Neutral))": [
      711,
      1
    ],
    "Property(Base(Player(AcidRain)))": [
      1087,
      6
    ],
    "Property(Base(Player(AmberBlaze)))": [
      878,
      6
    ],
    "Property(Base(Player(AzureAsteroid)))": [
      1127,
      6
    ],
    "Property(Base(Player(BlackHole)))": [
      828,
      6
    ],
    "Property(Base(Player(BlueMoon)))": [
      735,
      6
    ],
    "Property(Base(Player(BrownDesert)))": [
      846,
      4
    ],
    "Property(Base(Player(CobaltIce)))": [
      974,
      6
    ],
    "Property(Base(Player(GreenEarth)))": [
      753,
      6
    ],
    "Property(Base(Player(GreySky)))": [
      810,
      6
    ],
    "Property(Base(Player(JadeSun)))": [
      896,
      6
    ],
    "Property(Base(Player(NoirEclipse)))": [
      1151,
      6
    ],
    "Property(Base(Player(OrangeStar)))": [
      717,
      6
    ],
    "Property(Base(Player(PinkCosmos)))": [
      1017,
      4
    ],
    "Property(Base(Player(PurpleLightning)))": [
      1063,
      6
    ],
    "Property(Base(Player(RedFire)))": [
      783,
      6
    ],
    "Property(Base(Player(SilverClaw)))": [
      1175,
      6
    ],
    "Property(Base(Player(TealGalaxy)))": [
      1039,
      6
    ],
    "Property(Base(Player(UmberWilds)))": [
      1201,
      6
    ],
    "Property(Base(Player(WhiteNova)))": [
      1110,
      4
    ],
    "Property(Base(Player(YellowComet)))": [
      770,
      4
    ],
    "Property(City(Neutral))": [
      710,
      1
    ],
    "Property(City(Player(AcidRain)))": [
      1093,
      3
    ],
    "Property(City(Player(AmberBlaze)))": [
      884,
      3
    ],
    "Property(City(Player(AzureAsteroid)))": [
      1133,
      3
    ],
    "Property(City(Player(BlackHole)))": [
      825,
      3
    ],
    "Property(City(Player(BlueMoon)))": [
      732,
      3
    ],
    "Property(City(Player(BrownDesert)))": [
      843,
      3
    ],
    "Property(City(Player(CobaltIce)))": [
      980,
      3
    ],
    "Property(City(Player(GreenEarth)))": [
      750,
      3
    ],
    "Property(City(Player(GreySky)))": [
      807,
      3
    ],
    "Property(City(Player(JadeSun)))": [
      902,
      3
    ],
    "Property(City(Player(NoirEclipse)))": [
      1157,
      3
    ],
    "Property(City(Player(OrangeStar)))": [
      714,
      3
    ],
    "Property(City(Player(PinkCosmos)))": [
      1021,
      3
    ],
    "Property(City(Player(PurpleLightning)))": [
      1069,
      3
    ],
    "Property(City(Player(RedFire)))": [
      780,
      3
    ],
    "Property(City(Player(SilverClaw)))": [
      1181,
      3
    ],
    "Property(City(Player(TealGalaxy)))": [
      1045,
      3
    ],
    "Property(City(Player(UmberWilds)))": [
      1207,
      3
    ],
    "Property(City(Player(WhiteNova)))": [
      1114,
      2
    ],
    "Property(City(Player(YellowComet)))": [
      768,
      2
    ],
    "Property(ComTower(Neutral))": [
      929,
      1
    ],
    "Property(ComTower(Player(AcidRain)))": [
      1096,
      3
    ],
    "Property(ComTower(Player(AmberBlaze)))": [
      911,
      3
    ],
    "Property(ComTower(Player(AzureAsteroid)))": [
      1136,
      3
    ],
    "Property(ComTower(Player(BlackHole)))": [
      914,
      3
    ],
    "Property(ComTower(Player(BlueMoon)))": [
      917,
      3
    ],
    "Property(ComTower(Player(BrownDesert)))": [
      920,
      3
    ],
    "Property(ComTower(Player(CobaltIce)))": [
      983,
      3
    ],
    "Property(ComTower(Player(GreenEarth)))": [
      923,
      3
    ],
    "Property(ComTower(Player(GreySky)))": [
      938,
      3
    ],
    "Property(ComTower(Player(JadeSun)))": [
      926,
      3
    ],
    "Property(ComTower(Player(NoirEclipse)))": [
      1160,
      3
    ],
    "Property(ComTower(Player(OrangeStar)))": [
      930,
      3
    ],
    "Property(ComTower(Player(PinkCosmos)))": [
      1024,
      3
    ],
    "Property(ComTower(Player(PurpleLightning)))": [
      1072,
      3
    ],
    "Property(ComTower(Player(RedFire)))": [
      933,
      3
    ],
    "Property(ComTower(Player(SilverClaw)))": [
      1184,
      3
    ],
    "Property(ComTower(Player(TealGalaxy)))": [
      1048,
      3
    ],
    "Property(ComTower(Player(UmberWilds)))": [
      1210,
      3
    ],
    "Property(ComTower(Player(WhiteNova)))": [
      1116,
      2
    ],
    "Property(ComTower(Player(YellowComet)))": [
      936,
      2
    ],
    "Property(HQ(AcidRain))": [
      1099,
      3
    ],
    "Property(HQ(AmberBlaze))": [
      887,
      3
    ],
    "Property(HQ(AzureAsteroid))": [
      1139,
      3
    ],
    "Property(HQ(BlackHole))": [
      840,
      3
    ],
    "Property(HQ(BlueMoon))": [
      747,
      3
    ],
    "Property(HQ(BrownDesert))": [
      856,
      3
    ],
    "Property(HQ(CobaltIce))": [
      986,
      22
    ],
    "Property(HQ(GreenEarth))": [
      765,
      3
    ],
    "Property(HQ(GreySky))": [
      822,
      3
    ],
    "Property(HQ(JadeSun))": [
      905,
      3
    ],
    "Property(HQ(NoirEclipse))": [
      1163,
      3
    ],
    "Property(HQ(OrangeStar))": [
      729,
      3
    ],
    "Property(HQ(PinkCosmos))": [
      1027,
      3
    ],
    "Property(HQ(PurpleLightning))": [
      1075,
      3
    ],
    "Property(HQ(RedFire))": [
      795,
      12
    ],
    "Property(HQ(SilverClaw))": [
      1187,
      5
    ],
    "Property(HQ(TealGalaxy))": [
      1051,
      3
    ],
    "Property(HQ(UmberWilds))": [
      1213,
      7
    ],
    "Property(HQ(WhiteNova))": [
      1118,
      2
    ],
    "Property(HQ(YellowComet))": [
      778,
      2
    ],
    "Property(Lab(Neutral))": [
      962,
      1
    ],
    "Property(Lab(Player(AcidRain)))": [
      1102,
      3
    ],
    "Property(Lab(Player(AmberBlaze)))": [
      941,
      3
    ],
    "Property(Lab(Player(AzureAsteroid)))": [
      1142,
      3
    ],
    "Property(Lab(Player(BlackHole)))": [
      944,
      3
    ],
    "Property(Lab(Player(BlueMoon)))": [
      947,
      3
    ],
    "Property(Lab(Player(BrownDesert)))": [
      950,
      3
    ],
    "Property(Lab(Player(CobaltIce)))": [
      1008,
      3
    ],
    "Property(Lab(Player(GreenEarth)))": [
      953,
      3
    ],
    "Property(Lab(Player(GreySky)))": [
      956,
      3
    ],
    "Property(Lab(Player(JadeSun)))": [
      959,
      3
    ],
    "Property(Lab(Player(NoirEclipse)))": [
      1166,
      3
    ],
    "Property(Lab(Player(OrangeStar)))": [
      963,
      3
    ],
    "Property(Lab(Player(PinkCosmos)))": [
      1030,
      3
    ],
    "Property(Lab(Player(PurpleLightning)))": [
      1078,
      3
    ],
    "Property(Lab(Player(RedFire)))": [
      966,
      3
    ],
    "Property(Lab(Player(SilverClaw)))": [
      1192,
      3
    ],
    "Property(Lab(Player(TealGalaxy)))": [
      1054,
      3
    ],
    "Property(Lab(Player(UmberWilds)))": [
      1220,
      3
    ],
    "Property(Lab(Player(WhiteNova)))": [
      1120,
      2
    ],
    "Property(Lab(Player(YellowComet)))": [
      969,
      2
    ],
    "Property(Port(Neutral))": [
      713,
      1
    ],
    "Property(Port(Player(AcidRain)))": [
      1105,
      3
    ],
    "Property(Port(Player(AmberBlaze)))": [
      890,
      3
    ],
    "Property(Port(Player(AzureAsteroid)))": [
      1145,
      3
    ],
    "Property(Port(Player(BlackHole)))": [
      837,
      3
    ],
    "Property(Port(Player(BlueMoon)))": [
      744,
      3
    ],
    "Property(Port(Player(BrownDesert)))": [
      853,
      3
    ],
    "Property(Port(Player(CobaltIce)))": [
      1011,
      3
    ],
    "Property(Port(Player(GreenEarth)))": [
      762,
      3
    ],
    "Property(Port(Player(GreySky)))": [
      819,
      3
    ],
    "Property(Port(Player(JadeSun)))": [
      908,
      3
    ],
    "Property(Port(Player(NoirEclipse)))": [
      1169,
      3
    ],
    "Property(Port(Player(OrangeStar)))": [
      726,
      3
    ],
    "Property(Port(Player(PinkCosmos)))": [
      1033,
      3
    ],
    "Property(Port(Player(PurpleLightning)))": [
      1081,
      3
    ],
    "Property(Port(Player(RedFire)))": [
      792,
      3
    ],
    "Property(Port(Player(SilverClaw)))": [
      1195,
      3
    ],
    "Property(Port(Player(TealGalaxy)))": [
      1057,
      3
    ],
    "Property(Port(Player(UmberWilds)))": [
      1223,
      3
    ],
    "Property(Port(Player(WhiteNova)))": [
      1122,
      2
    ],
    "Property(Port(Player(YellowComet)))": [
      776,
      2
    ],
    "Reef": [
      709,
      1
    ],
    "River(Cross)": [
      682,
      1
    ],
    "River(ES)": [
      683,
      1
    ],
    "River(ESW)": [
      687,
      1
    ],
    "River(Horizontal)": [
      680,
      1
    ],
    "River(NE)": [
      686,
      1
    ],
    "River(NES)": [
      690,
      1
    ],
    "River(SW)": [
      684,
      1
    ],
    "River(SWN)": [
      688,
      1
    ],
    "River(Vertical)": [
      681,
      1
    ],
    "River(WN)": [
      685,
      1
    ],
    "River(WNE)": [
      689,
      1
    ],
    "Road(Cross)": [
      693,
      1
    ],
    "Road(ES)": [
      694,
      1
    ],
    "Road(ESW)": [
      698,
      1
    ],
    "Road(Horizontal)": [
      691,
      1
    ],
    "Road(NE)": [
      697,
      1
    ],
    "Road(NES)": [
      701,
      1
    ],
    "Road(SW)": [
      695,
      1
    ],
    "Road(SWN)": [
      699,
      1
    ],
    "Road(Vertical)": [
      692,
      1
    ],
    "Road(WN)": [
      696,
      1
    ],
    "Road(WNE)": [
      700,
      1
    ],
    "StubbyMoutain": [
      676,
      1
    ],
    "Teleporter": [
      448,
      1
    ],
    "Wood": [
      679,
      1
    ]
  }
}
